2020-09-19 22:34:05 [test.Core] INFO: start <Request url=https://www.187bfeee594e.com/tupian/list-%E8%87%AA%E6%8B%8D%E5%81%B7%E6%8B%8D.html method=GET count=0>
2020-09-19 22:34:05 [test.Core] INFO: start <Request url=https://www.187bfeee594e.com/tupian/list-%E4%BA%9A%E6%B4%B2%E8%89%B2%E5%9B%BE.html method=GET count=0>
2020-09-19 22:34:05 [test.Core] INFO: start <Request url=https://www.187bfeee594e.com/tupian/list-%E6%AC%A7%E7%BE%8E%E8%89%B2%E5%9B%BE.html method=GET count=0>
2020-09-19 22:34:05 [test.Core] INFO: start <Request url=https://www.187bfeee594e.com/tupian/list-%E7%BE%8E%E8%85%BF%E4%B8%9D%E8%A2%9C.html method=GET count=0>
2020-09-19 22:34:05 [test.Core] INFO: start <Request url=https://www.187bfeee594e.com/tupian/list-%E6%B8%85%E7%BA%AF%E5%94%AF%E7%BE%8E.html method=GET count=0>
2020-09-19 22:34:05 [test.Core] INFO: start <Request url=https://www.187bfeee594e.com/tupian/list-%E4%B9%B1%E4%BC%A6%E7%86%9F%E5%A5%B3.html method=GET count=0>
2020-09-19 22:34:05 [test.Core] INFO: start <Request url=https://www.187bfeee594e.com/tupian/list-%E5%8D%A1%E9%80%9A%E5%8A%A8%E6%BC%AB.html method=GET count=0>
2020-09-19 22:34:09 [test.Core] INFO: success <Request url=https://www.187bfeee594e.com/tupian/list-%E6%B8%85%E7%BA%AF%E5%94%AF%E7%BE%8E.html method=GET count=0>
2020-09-19 22:34:09 [test.Core] INFO: start <Request url=https://www.187bfeee594e.com/tupian/112577.html method=GET count=0>
2020-09-19 22:34:09 [test.Core] INFO: start <Request url=https://www.187bfeee594e.com/tupian/112576.html method=GET count=0>
2020-09-19 22:34:09 [test.Core] INFO: start <Request url=https://www.187bfeee594e.com/tupian/112575.html method=GET count=0>
2020-09-19 22:34:09 [test.Core] INFO: start <Request url=https://www.187bfeee594e.com/tupian/112574.html method=GET count=0>
2020-09-19 22:34:09 [test.Core] INFO: start <Request url=https://www.187bfeee594e.com/tupian/112573.html method=GET count=0>
2020-09-19 22:34:09 [test.Core] INFO: start <Request url=https://www.187bfeee594e.com/tupian/112455.html method=GET count=0>
2020-09-19 22:34:09 [test.Core] INFO: start <Request url=https://www.187bfeee594e.com/tupian/112454.html method=GET count=0>
2020-09-19 22:34:09 [test.Core] INFO: start <Request url=https://www.187bfeee594e.com/tupian/112453.html method=GET count=0>
2020-09-19 22:34:09 [test.Core] INFO: start <Request url=https://www.187bfeee594e.com/tupian/112452.html method=GET count=0>
2020-09-19 22:34:09 [test.Core] INFO: start <Request url=https://www.187bfeee594e.com/tupian/112451.html method=GET count=0>
2020-09-19 22:34:09 [test.Core] INFO: start <Request url=https://www.187bfeee594e.com/tupian/112305.html method=GET count=0>
2020-09-19 22:34:09 [test.Core] INFO: start <Request url=https://www.187bfeee594e.com/tupian/112304.html method=GET count=0>
2020-09-19 22:34:09 [test.Core] INFO: start <Request url=https://www.187bfeee594e.com/tupian/112303.html method=GET count=0>
2020-09-19 22:34:09 [test.Core] INFO: start <Request url=https://www.187bfeee594e.com/tupian/112302.html method=GET count=0>
2020-09-19 22:34:09 [test.Core] INFO: start <Request url=https://www.187bfeee594e.com/tupian/112301.html method=GET count=0>
2020-09-19 22:34:09 [test.Core] INFO: start <Request url=https://www.187bfeee594e.com/tupian/112113.html method=GET count=0>
2020-09-19 22:34:09 [test.Core] INFO: start <Request url=https://www.187bfeee594e.com/tupian/112112.html method=GET count=0>
2020-09-19 22:34:09 [test.Core] INFO: start <Request url=https://www.187bfeee594e.com/tupian/112111.html method=GET count=0>
2020-09-19 22:34:09 [test.Core] INFO: start <Request url=https://www.187bfeee594e.com/tupian/112110.html method=GET count=0>
2020-09-19 22:34:09 [test.Core] INFO: start <Request url=https://www.187bfeee594e.com/tupian/112109.html method=GET count=0>
2020-09-19 22:34:09 [test.Core] INFO: start <Request url=https://www.187bfeee594e.com/tupian/list-%E6%B8%85%E7%BA%AF%E5%94%AF%E7%BE%8E-2.html method=GET count=0>
2020-09-19 22:34:10 [test.Core] INFO: success <Request url=https://www.187bfeee594e.com/tupian/112577.html method=GET count=0>
2020-09-19 22:34:10 [test.Spider] INFO: name: 智秋)性感狂野写真, imgs:[<Element img at 0x25408280c40>, <Element img at 0x25408280d40>, <Element img at 0x25408280e00>, <Element img at 0x25408280e80>, <Element img at 0x25408280f00>, <Element img at 0x25408280fc0>, <Element img at 0x25408280f80>, <Element img at 0x25408280d00>, <Element img at 0x25408280dc0>, <Element img at 0x25408280bc0>, <Element img at 0x25408280c00>, <Element img at 0x25408280cc0>, <Element img at 0x25408280b00>, <Element img at 0x25408280ac0>, <Element img at 0x25408280b80>, <Element img at 0x25408280a00>, <Element img at 0x254082809c0>, <Element img at 0x25408280a80>, <Element img at 0x25408280980>, <Element img at 0x254082808c0>]
2020-09-19 22:34:11 [test.Core] INFO: success <Request url=https://www.187bfeee594e.com/tupian/list-%E5%8D%A1%E9%80%9A%E5%8A%A8%E6%BC%AB.html method=GET count=0>
2020-09-19 22:34:11 [test.Core] INFO: start <Request url=https://www.187bfeee594e.com/tupian/111707.html method=GET count=0>
2020-09-19 22:34:11 [test.Core] INFO: start <Request url=https://www.187bfeee594e.com/tupian/111706.html method=GET count=0>
2020-09-19 22:34:11 [test.Core] INFO: start <Request url=https://www.187bfeee594e.com/tupian/111705.html method=GET count=0>
2020-09-19 22:34:11 [test.Core] INFO: start <Request url=https://www.187bfeee594e.com/tupian/111704.html method=GET count=0>
2020-09-19 22:34:11 [test.Core] INFO: start <Request url=https://www.187bfeee594e.com/tupian/111703.html method=GET count=0>
2020-09-19 22:34:11 [test.Core] INFO: start <Request url=https://www.187bfeee594e.com/tupian/111651.html method=GET count=0>
2020-09-19 22:34:11 [test.Core] INFO: start <Request url=https://www.187bfeee594e.com/tupian/111650.html method=GET count=0>
2020-09-19 22:34:11 [test.Core] INFO: start <Request url=https://www.187bfeee594e.com/tupian/111649.html method=GET count=0>
2020-09-19 22:34:11 [test.Core] INFO: start <Request url=https://www.187bfeee594e.com/tupian/111648.html method=GET count=0>
2020-09-19 22:34:11 [test.Core] INFO: start <Request url=https://www.187bfeee594e.com/tupian/111647.html method=GET count=0>
2020-09-19 22:34:11 [test.Core] INFO: start <Request url=https://www.187bfeee594e.com/tupian/111509.html method=GET count=0>
2020-09-19 22:34:11 [test.Core] INFO: start <Request url=https://www.187bfeee594e.com/tupian/111508.html method=GET count=0>
2020-09-19 22:34:11 [test.Core] INFO: start <Request url=https://www.187bfeee594e.com/tupian/111507.html method=GET count=0>
2020-09-19 22:34:11 [test.Core] INFO: start <Request url=https://www.187bfeee594e.com/tupian/111506.html method=GET count=0>
2020-09-19 22:34:11 [test.Core] INFO: start <Request url=https://www.187bfeee594e.com/tupian/111505.html method=GET count=0>
2020-09-19 22:34:11 [test.Core] INFO: start <Request url=https://www.187bfeee594e.com/tupian/111332.html method=GET count=0>
2020-09-19 22:34:11 [test.Core] INFO: start <Request url=https://www.187bfeee594e.com/tupian/111331.html method=GET count=0>
2020-09-19 22:34:11 [test.Core] INFO: start <Request url=https://www.187bfeee594e.com/tupian/111330.html method=GET count=0>
2020-09-19 22:34:11 [test.Core] INFO: start <Request url=https://www.187bfeee594e.com/tupian/111329.html method=GET count=0>
2020-09-19 22:34:11 [test.Core] INFO: start <Request url=https://www.187bfeee594e.com/tupian/111328.html method=GET count=0>
2020-09-19 22:34:11 [test.Core] INFO: start <Request url=https://www.187bfeee594e.com/tupian/list-%E5%8D%A1%E9%80%9A%E5%8A%A8%E6%BC%AB-2.html method=GET count=0>
2020-09-19 22:34:11 [test.Core] INFO: success <Request url=https://www.187bfeee594e.com/tupian/112455.html method=GET count=0>
2020-09-19 22:34:11 [test.Spider] INFO: name: 风骚惹火尤物施诗香艳诱惑性感销魂写真, imgs:[<Element img at 0x25408af38c0>, <Element img at 0x25408af3940>, <Element img at 0x25408af39c0>, <Element img at 0x25408af3900>, <Element img at 0x25408af5580>, <Element img at 0x25408af55c0>, <Element img at 0x25408af5600>, <Element img at 0x25408af5640>, <Element img at 0x25408af5680>, <Element img at 0x25408af5540>, <Element img at 0x25408af56c0>, <Element img at 0x25408af5700>, <Element img at 0x25408af5740>, <Element img at 0x25408af5780>, <Element img at 0x25408af57c0>, <Element img at 0x25408af5800>, <Element img at 0x25408af5840>, <Element img at 0x25408af5880>, <Element img at 0x25408af58c0>, <Element img at 0x25408af5900>]
2020-09-19 22:34:11 [test.Core] INFO: success <Request url=https://www.187bfeee594e.com/tupian/111706.html method=GET count=0>
2020-09-19 22:34:11 [test.Spider] INFO: name: 游戏或动漫同人CG2989, imgs:[<Element img at 0x25408af8780>, <Element img at 0x25408af8740>, <Element img at 0x25408af87c0>, <Element img at 0x25408af8800>, <Element img at 0x25408af8840>, <Element img at 0x25408af88c0>, <Element img at 0x25408af8900>, <Element img at 0x25408af8940>, <Element img at 0x25408af8980>, <Element img at 0x25408af8880>, <Element img at 0x25408af89c0>, <Element img at 0x25408af8a00>, <Element img at 0x25408af8a40>, <Element img at 0x25408af8a80>, <Element img at 0x25408af8ac0>, <Element img at 0x25408af8b00>, <Element img at 0x25408af8b40>, <Element img at 0x25408af8b80>, <Element img at 0x25408af8bc0>, <Element img at 0x25408af8c00>]
2020-09-19 22:34:12 [test.Core] INFO: success <Request url=https://www.187bfeee594e.com/tupian/112574.html method=GET count=0>
2020-09-19 22:34:12 [test.Spider] INFO: name: 诱人Yuka Hoshikage 超级性感, imgs:[<Element img at 0x25408afa900>, <Element img at 0x25408afaa00>, <Element img at 0x25408afaa80>, <Element img at 0x25408afab00>, <Element img at 0x25408afaa40>, <Element img at 0x25408afc680>, <Element img at 0x25408afc700>, <Element img at 0x25408afc740>, <Element img at 0x25408afc780>, <Element img at 0x25408afc6c0>, <Element img at 0x25408afc7c0>, <Element img at 0x25408afc800>, <Element img at 0x25408afc840>, <Element img at 0x25408afc880>, <Element img at 0x25408afc8c0>, <Element img at 0x25408afc900>, <Element img at 0x25408afc940>, <Element img at 0x25408afc980>, <Element img at 0x25408afc9c0>, <Element img at 0x25408afca00>]
2020-09-19 22:34:12 [test.Core] INFO: success <Request url=https://www.187bfeee594e.com/tupian/111707.html method=GET count=0>
2020-09-19 22:34:12 [test.Spider] INFO: name: 游戏或动漫同人CG2990, imgs:[<Element img at 0x254082c5280>, <Element img at 0x254082c5580>, <Element img at 0x254082c5680>, <Element img at 0x254082c5740>, <Element img at 0x254082c57c0>, <Element img at 0x254082c5500>, <Element img at 0x254082c5ac0>, <Element img at 0x254082c5b00>, <Element img at 0x254082c5a00>, <Element img at 0x254082c5840>, <Element img at 0x254082c59c0>, <Element img at 0x254082c5a80>, <Element img at 0x254082c5900>, <Element img at 0x254082c58c0>, <Element img at 0x254082c5980>, <Element img at 0x254082c5640>, <Element img at 0x254082c5700>, <Element img at 0x254082c5540>, <Element img at 0x254082c5600>, <Element img at 0x254082c5440>]
2020-09-19 22:34:12 [test.Core] INFO: success <Request url=https://www.187bfeee594e.com/tupian/112576.html method=GET count=0>
2020-09-19 22:34:12 [test.Spider] INFO: name: 李梓熙吊带透明睡裙魅惑写真, imgs:[<Element img at 0x25408b04240>, <Element img at 0x25408b04340>, <Element img at 0x25408b043c0>, <Element img at 0x25408b04440>, <Element img at 0x25408b04380>, <Element img at 0x25408b04ec0>, <Element img at 0x25408b04f00>, <Element img at 0x25408b04f40>, <Element img at 0x25408b04f80>, <Element img at 0x25408b04e40>, <Element img at 0x25408b04fc0>, <Element img at 0x25408b05040>, <Element img at 0x25408b05080>, <Element img at 0x25408b050c0>, <Element img at 0x25408b05100>, <Element img at 0x25408b05140>, <Element img at 0x25408b05180>, <Element img at 0x25408b051c0>, <Element img at 0x25408b05200>, <Element img at 0x25408b05240>]
2020-09-19 22:34:12 [test.Core] INFO: success <Request url=https://www.187bfeee594e.com/tupian/112301.html method=GET count=0>
2020-09-19 22:34:12 [test.Spider] INFO: name: 性感美女ErinaMano真野恵里菜, imgs:[<Element img at 0x25408b09a00>, <Element img at 0x25408b09b00>, <Element img at 0x25408b09b80>, <Element img at 0x25408b09c00>, <Element img at 0x25408b09b40>, <Element img at 0x25408b0c740>, <Element img at 0x25408b0c7c0>, <Element img at 0x25408b0c800>, <Element img at 0x25408b0c840>, <Element img at 0x25408b0c780>, <Element img at 0x25408b0c880>, <Element img at 0x25408b0c8c0>, <Element img at 0x25408b0c900>, <Element img at 0x25408b0c940>, <Element img at 0x25408b0c980>, <Element img at 0x25408b0c9c0>, <Element img at 0x25408b0ca00>, <Element img at 0x25408b0ca40>, <Element img at 0x25408b0ca80>, <Element img at 0x25408b0cac0>]
2020-09-19 22:34:12 [test.Core] INFO: success <Request url=https://www.187bfeee594e.com/tupian/112452.html method=GET count=0>
2020-09-19 22:34:12 [test.Spider] INFO: name:  肥臀尤物妮可透视内衣很诱人, imgs:[<Element img at 0x25408b0e1c0>, <Element img at 0x25408b0e100>, <Element img at 0x25408b0e200>, <Element img at 0x25408b0e280>, <Element img at 0x25408b0e300>, <Element img at 0x25408b0edc0>, <Element img at 0x25408b0ee40>, <Element img at 0x25408b0ee80>, <Element img at 0x25408b0eec0>, <Element img at 0x25408b0e240>, <Element img at 0x25408b0ef00>, <Element img at 0x25408b0ef40>, <Element img at 0x25408b0ef80>, <Element img at 0x25408b0efc0>, <Element img at 0x25408b0f040>, <Element img at 0x25408b0f080>, <Element img at 0x25408b0f0c0>, <Element img at 0x25408b0f100>, <Element img at 0x25408b0f140>, <Element img at 0x25408b0f180>]
2020-09-19 22:34:13 [test.Core] INFO: success <Request url=https://www.187bfeee594e.com/tupian/112573.html method=GET count=0>
2020-09-19 22:34:13 [test.Spider] INFO: name:  骚性感美丽熟妇, imgs:[<Element img at 0x25408b0fa00>, <Element img at 0x25408b0fb00>, <Element img at 0x25408b0fb80>, <Element img at 0x25408b0fc00>, <Element img at 0x25408b0fb40>, <Element img at 0x25408b11780>, <Element img at 0x25408b11800>, <Element img at 0x25408b11840>, <Element img at 0x25408b11880>, <Element img at 0x25408b117c0>, <Element img at 0x25408b118c0>, <Element img at 0x25408b11900>, <Element img at 0x25408b11940>, <Element img at 0x25408b11980>, <Element img at 0x25408b119c0>, <Element img at 0x25408b11a00>, <Element img at 0x25408b11a40>, <Element img at 0x25408b11a80>, <Element img at 0x25408b11ac0>, <Element img at 0x25408b11b00>]
2020-09-19 22:34:13 [test.Core] INFO: success <Request url=https://www.187bfeee594e.com/tupian/111648.html method=GET count=0>
2020-09-19 22:34:13 [test.Spider] INFO: name: 游戏或动漫同人CG2982, imgs:[<Element img at 0x25408b12840>, <Element img at 0x25408b12780>, <Element img at 0x25408b12880>, <Element img at 0x25408b12900>, <Element img at 0x25408b12980>, <Element img at 0x25408b15540>, <Element img at 0x25408b15500>, <Element img at 0x25408b15580>, <Element img at 0x25408b155c0>, <Element img at 0x25408b128c0>, <Element img at 0x25408b15600>, <Element img at 0x25408b15640>, <Element img at 0x25408b15680>, <Element img at 0x25408b156c0>, <Element img at 0x25408b15700>, <Element img at 0x25408b15740>, <Element img at 0x25408b15780>, <Element img at 0x25408b157c0>, <Element img at 0x25408b15800>, <Element img at 0x25408b15840>]
2020-09-19 22:34:13 [test.Core] INFO: success <Request url=https://www.187bfeee594e.com/tupian/112111.html method=GET count=0>
2020-09-19 22:34:13 [test.Spider] INFO: name:  程彤颜 苏梅岛旅拍, imgs:[<Element img at 0x25408b17a40>, <Element img at 0x25408b17ac0>, <Element img at 0x25408b17a00>, <Element img at 0x25408b18680>, <Element img at 0x25408b18640>, <Element img at 0x25408b18700>, <Element img at 0x25408b18740>, <Element img at 0x25408b18780>, <Element img at 0x25408b187c0>, <Element img at 0x25408b186c0>, <Element img at 0x25408b18800>, <Element img at 0x25408b18840>, <Element img at 0x25408b18880>, <Element img at 0x25408b188c0>, <Element img at 0x25408b18900>, <Element img at 0x25408b18940>, <Element img at 0x25408b18980>, <Element img at 0x25408b189c0>, <Element img at 0x25408b18a00>, <Element img at 0x25408b18a40>]
2020-09-19 22:34:13 [test.Core] INFO: success <Request url=https://www.187bfeee594e.com/tupian/112451.html method=GET count=0>
2020-09-19 22:34:13 [test.Spider] INFO: name: 宋茜心型开口制服诱惑十足, imgs:[<Element img at 0x25408b19080>, <Element img at 0x25408b190c0>, <Element img at 0x25408b19100>, <Element img at 0x25408b19180>, <Element img at 0x25408b19200>, <Element img at 0x25408b19c80>, <Element img at 0x25408b19d00>, <Element img at 0x25408b19d40>, <Element img at 0x25408b19d80>, <Element img at 0x25408b19140>, <Element img at 0x25408b19dc0>, <Element img at 0x25408b19e00>, <Element img at 0x25408b19e40>, <Element img at 0x25408b19e80>, <Element img at 0x25408b19ec0>, <Element img at 0x25408b19f00>, <Element img at 0x25408b19f40>, <Element img at 0x25408b19f80>, <Element img at 0x25408b19fc0>, <Element img at 0x25408b1b040>]
2020-09-19 22:34:13 [test.Core] INFO: success <Request url=https://www.187bfeee594e.com/tupian/111649.html method=GET count=0>
2020-09-19 22:34:13 [test.Spider] INFO: name: 游戏或动漫同人CG2983, imgs:[<Element img at 0x25408b1b580>, <Element img at 0x25408b1b6c0>, <Element img at 0x25408b1b740>, <Element img at 0x25408b1b7c0>, <Element img at 0x25408b1b700>, <Element img at 0x25408b1c280>, <Element img at 0x25408b1c300>, <Element img at 0x25408b1c340>, <Element img at 0x25408b1c380>, <Element img at 0x25408b1c2c0>, <Element img at 0x25408b1c3c0>, <Element img at 0x25408b1c400>, <Element img at 0x25408b1c440>, <Element img at 0x25408b1c480>, <Element img at 0x25408b1c4c0>, <Element img at 0x25408b1c500>, <Element img at 0x25408b1c540>, <Element img at 0x25408b1c580>, <Element img at 0x25408b1c5c0>, <Element img at 0x25408b1c600>]
2020-09-19 22:34:13 [test.Core] INFO: success <Request url=https://www.187bfeee594e.com/tupian/111329.html method=GET count=0>
2020-09-19 22:34:13 [test.Spider] INFO: name: 游戏或动漫同人CG2972, imgs:[<Element img at 0x25408b1cb40>, <Element img at 0x25408b1cc80>, <Element img at 0x25408b1cd00>, <Element img at 0x25408b1cd80>, <Element img at 0x25408b1ccc0>, <Element img at 0x25408b1d840>, <Element img at 0x25408b1d8c0>, <Element img at 0x25408b1d900>, <Element img at 0x25408b1d940>, <Element img at 0x25408b1d880>, <Element img at 0x25408b1d980>, <Element img at 0x25408b1d9c0>, <Element img at 0x25408b1da00>, <Element img at 0x25408b1da40>, <Element img at 0x25408b1da80>, <Element img at 0x25408b1dac0>, <Element img at 0x25408b1db00>, <Element img at 0x25408b1db40>, <Element img at 0x25408b1db80>, <Element img at 0x25408b1dbc0>]
2020-09-19 22:34:13 [test.Core] INFO: success <Request url=https://www.187bfeee594e.com/tupian/112109.html method=GET count=0>
2020-09-19 22:34:13 [test.Spider] INFO: name: E奶南半球歌手微热女孩, imgs:[<Element img at 0x25408b1f240>, <Element img at 0x25408b1f180>, <Element img at 0x25408b1f280>, <Element img at 0x25408b1f300>, <Element img at 0x25408b1f380>, <Element img at 0x25408b1fe00>, <Element img at 0x25408b1fe80>, <Element img at 0x25408b1fec0>, <Element img at 0x25408b1ff00>, <Element img at 0x25408b1f2c0>, <Element img at 0x25408b1ff40>, <Element img at 0x25408b1ff80>, <Element img at 0x25408b1ffc0>, <Element img at 0x25408b21040>, <Element img at 0x25408b21080>, <Element img at 0x25408b210c0>, <Element img at 0x25408b21100>, <Element img at 0x25408b21140>, <Element img at 0x25408b21180>, <Element img at 0x25408b211c0>]
2020-09-19 22:34:13 [test.Core] INFO: success <Request url=https://www.187bfeee594e.com/tupian/111330.html method=GET count=0>
2020-09-19 22:34:13 [test.Spider] INFO: name: 游戏或动漫同人CG2973, imgs:[<Element img at 0x25408b21740>, <Element img at 0x25408b21840>, <Element img at 0x25408b218c0>, <Element img at 0x25408b21940>, <Element img at 0x25408b21880>, <Element img at 0x25408b22400>, <Element img at 0x25408b22480>, <Element img at 0x25408b224c0>, <Element img at 0x25408b22500>, <Element img at 0x25408b22440>, <Element img at 0x25408b22540>, <Element img at 0x25408b22580>, <Element img at 0x25408b225c0>, <Element img at 0x25408b22600>, <Element img at 0x25408b22640>, <Element img at 0x25408b22680>, <Element img at 0x25408b226c0>, <Element img at 0x25408b22700>, <Element img at 0x25408b22740>, <Element img at 0x25408b22780>]
2020-09-19 22:34:14 [test.Core] INFO: success <Request url=https://www.187bfeee594e.com/tupian/111505.html method=GET count=0>
2020-09-19 22:34:14 [test.Spider] INFO: name: 游戏或动漫同人CG2976, imgs:[<Element img at 0x25408b23100>, <Element img at 0x25408b23040>, <Element img at 0x25408b23140>, <Element img at 0x25408b231c0>, <Element img at 0x25408b23240>, <Element img at 0x25408b23d80>, <Element img at 0x25408b23e00>, <Element img at 0x25408b23e40>, <Element img at 0x25408b23e80>, <Element img at 0x25408b23180>, <Element img at 0x25408b23ec0>, <Element img at 0x25408b23f00>, <Element img at 0x25408b23f40>, <Element img at 0x25408b23f80>, <Element img at 0x25408b23fc0>, <Element img at 0x25408b25040>, <Element img at 0x25408b25080>, <Element img at 0x25408b250c0>, <Element img at 0x25408b25100>, <Element img at 0x25408b25140>]
2020-09-19 22:34:14 [test.Core] INFO: success <Request url=https://www.187bfeee594e.com/tupian/111647.html method=GET count=0>
2020-09-19 22:34:14 [test.Spider] INFO: name: 游戏或动漫同人CG2981, imgs:[<Element img at 0x25408b259c0>, <Element img at 0x25408b25ac0>, <Element img at 0x25408b25b40>, <Element img at 0x25408b25bc0>, <Element img at 0x25408b25b00>, <Element img at 0x25408b26740>, <Element img at 0x25408b267c0>, <Element img at 0x25408b26800>, <Element img at 0x25408b26840>, <Element img at 0x25408b26780>, <Element img at 0x25408b26880>, <Element img at 0x25408b268c0>, <Element img at 0x25408b26900>, <Element img at 0x25408b26940>, <Element img at 0x25408b26980>, <Element img at 0x25408b269c0>, <Element img at 0x25408b26a00>, <Element img at 0x25408b26a40>, <Element img at 0x25408b26a80>, <Element img at 0x25408b26ac0>]
2020-09-19 22:34:14 [test.Core] INFO: success <Request url=https://www.187bfeee594e.com/tupian/111332.html method=GET count=0>
2020-09-19 22:34:14 [test.Spider] INFO: name: 游戏或动漫同人CG2975, imgs:[<Element img at 0x25408b27840>, <Element img at 0x25408b27940>, <Element img at 0x25408b279c0>, <Element img at 0x25408b27a40>, <Element img at 0x25408b27980>, <Element img at 0x25408b29600>, <Element img at 0x25408b29680>, <Element img at 0x25408b296c0>, <Element img at 0x25408b29700>, <Element img at 0x25408b29640>, <Element img at 0x25408b29740>, <Element img at 0x25408b29780>, <Element img at 0x25408b297c0>, <Element img at 0x25408b29800>, <Element img at 0x25408b29840>, <Element img at 0x25408b29880>, <Element img at 0x25408b298c0>, <Element img at 0x25408b29900>, <Element img at 0x25408b29940>, <Element img at 0x25408b29980>]
2020-09-19 22:34:14 [test.Core] INFO: success <Request url=https://www.187bfeee594e.com/tupian/list-%E4%B9%B1%E4%BC%A6%E7%86%9F%E5%A5%B3.html method=GET count=0>
2020-09-19 22:34:14 [test.Core] INFO: start <Request url=https://www.187bfeee594e.com/tupian/112592.html method=GET count=0>
2020-09-19 22:34:14 [test.Core] INFO: start <Request url=https://www.187bfeee594e.com/tupian/112591.html method=GET count=0>
2020-09-19 22:34:14 [test.Core] INFO: start <Request url=https://www.187bfeee594e.com/tupian/112590.html method=GET count=0>
2020-09-19 22:34:14 [test.Core] INFO: start <Request url=https://www.187bfeee594e.com/tupian/112589.html method=GET count=0>
2020-09-19 22:34:14 [test.Core] INFO: start <Request url=https://www.187bfeee594e.com/tupian/112588.html method=GET count=0>
2020-09-19 22:34:14 [test.Core] INFO: start <Request url=https://www.187bfeee594e.com/tupian/112470.html method=GET count=0>
2020-09-19 22:34:14 [test.Core] INFO: start <Request url=https://www.187bfeee594e.com/tupian/112469.html method=GET count=0>
2020-09-19 22:34:14 [test.Core] INFO: start <Request url=https://www.187bfeee594e.com/tupian/112468.html method=GET count=0>
2020-09-19 22:34:14 [test.Core] INFO: start <Request url=https://www.187bfeee594e.com/tupian/112467.html method=GET count=0>
2020-09-19 22:34:14 [test.Core] INFO: start <Request url=https://www.187bfeee594e.com/tupian/112466.html method=GET count=0>
2020-09-19 22:34:14 [test.Core] INFO: start <Request url=https://www.187bfeee594e.com/tupian/112320.html method=GET count=0>
2020-09-19 22:34:14 [test.Core] INFO: start <Request url=https://www.187bfeee594e.com/tupian/112319.html method=GET count=0>
2020-09-19 22:34:14 [test.Core] INFO: start <Request url=https://www.187bfeee594e.com/tupian/112318.html method=GET count=0>
2020-09-19 22:34:14 [test.Core] INFO: start <Request url=https://www.187bfeee594e.com/tupian/112317.html method=GET count=0>
2020-09-19 22:34:14 [test.Core] INFO: start <Request url=https://www.187bfeee594e.com/tupian/112316.html method=GET count=0>
2020-09-19 22:34:14 [test.Core] INFO: start <Request url=https://www.187bfeee594e.com/tupian/112128.html method=GET count=0>
2020-09-19 22:34:14 [test.Core] INFO: start <Request url=https://www.187bfeee594e.com/tupian/112127.html method=GET count=0>
2020-09-19 22:34:14 [test.Core] INFO: start <Request url=https://www.187bfeee594e.com/tupian/112126.html method=GET count=0>
2020-09-19 22:34:14 [test.Core] INFO: start <Request url=https://www.187bfeee594e.com/tupian/112125.html method=GET count=0>
2020-09-19 22:34:14 [test.Core] INFO: start <Request url=https://www.187bfeee594e.com/tupian/112124.html method=GET count=0>
2020-09-19 22:34:14 [test.Core] INFO: start <Request url=https://www.187bfeee594e.com/tupian/list-%E4%B9%B1%E4%BC%A6%E7%86%9F%E5%A5%B3-2.html method=GET count=0>
2020-09-19 22:34:14 [test.Core] INFO: success <Request url=https://www.187bfeee594e.com/tupian/111328.html method=GET count=0>
2020-09-19 22:34:14 [test.Spider] INFO: name: 游戏或动漫同人CG2971, imgs:[<Element img at 0x25408b44dc0>, <Element img at 0x25408b44e00>, <Element img at 0x25408b44e80>, <Element img at 0x25408b44ec0>, <Element img at 0x25408b44f00>, <Element img at 0x25408b44f40>, <Element img at 0x25408b44f80>, <Element img at 0x25408b419c0>, <Element img at 0x25408b41040>, <Element img at 0x25408b44e40>, <Element img at 0x25408b410c0>, <Element img at 0x25408b41980>, <Element img at 0x25408b41a00>, <Element img at 0x25408b41a40>, <Element img at 0x25408b41a80>, <Element img at 0x25408b41ac0>, <Element img at 0x25408b41b00>, <Element img at 0x25408b41b40>, <Element img at 0x25408b41b80>, <Element img at 0x25408b41bc0>]
2020-09-19 22:34:14 [test.Core] INFO: success <Request url=https://www.187bfeee594e.com/tupian/112113.html method=GET count=0>
2020-09-19 22:34:14 [test.Spider] INFO: name: 夏希肤白美貌妖娆身姿性感美艳, imgs:[<Element img at 0x25408b47200>, <Element img at 0x25408b47100>, <Element img at 0x25408b47240>, <Element img at 0x25408b472c0>, <Element img at 0x25408b47340>, <Element img at 0x25408b47d40>, <Element img at 0x25408b47dc0>, <Element img at 0x25408b47e00>, <Element img at 0x25408b47e40>, <Element img at 0x25408b47280>, <Element img at 0x25408b47e80>, <Element img at 0x25408b47ec0>, <Element img at 0x25408b47f00>, <Element img at 0x25408b47f40>, <Element img at 0x25408b47f80>, <Element img at 0x25408b47fc0>, <Element img at 0x25408b48040>, <Element img at 0x25408b48080>, <Element img at 0x25408b480c0>, <Element img at 0x25408b48100>]
2020-09-19 22:34:14 [test.Core] INFO: success <Request url=https://www.187bfeee594e.com/tupian/112467.html method=GET count=0>
2020-09-19 22:34:14 [test.Spider] INFO: name: 为患者进行特殊治疗, imgs:[<Element img at 0x25408b48640>, <Element img at 0x25408b487c0>, <Element img at 0x25408b49380>, <Element img at 0x25408b49400>, <Element img at 0x25408b49480>, <Element img at 0x25408b4b080>, <Element img at 0x25408b4b100>, <Element img at 0x25408b4b140>, <Element img at 0x25408b4b180>, <Element img at 0x25408b49340>, <Element img at 0x25408b4b1c0>, <Element img at 0x25408b4b200>, <Element img at 0x25408b4b240>, <Element img at 0x25408b4b280>, <Element img at 0x25408b4b2c0>, <Element img at 0x25408b4b300>, <Element img at 0x25408b4b340>, <Element img at 0x25408b4b380>, <Element img at 0x25408b4b3c0>, <Element img at 0x25408b4b400>]
2020-09-19 22:34:14 [test.Core] INFO: success <Request url=https://www.187bfeee594e.com/tupian/112317.html method=GET count=0>
2020-09-19 22:34:14 [test.Spider] INFO: name: 大屁股熟女菊花藏得好深, imgs:[<Element img at 0x25408b4b8c0>, <Element img at 0x25408b4b900>, <Element img at 0x25408b4b940>, <Element img at 0x25408b4b980>, <Element img at 0x25408b4b9c0>, <Element img at 0x25408b4ba40>, <Element img at 0x25408b4ba80>, <Element img at 0x25408b4bac0>, <Element img at 0x25408b4bb00>, <Element img at 0x25408b4ba00>, <Element img at 0x25408b4bb40>, <Element img at 0x25408b4bb80>, <Element img at 0x25408b4bbc0>, <Element img at 0x25408b4bc00>, <Element img at 0x25408b4bc40>, <Element img at 0x25408b4bc80>, <Element img at 0x25408b4bcc0>, <Element img at 0x25408b4bd00>, <Element img at 0x25408b4bd40>, <Element img at 0x25408b4bd80>]
2020-09-19 22:34:14 [test.Core] INFO: success <Request url=https://www.187bfeee594e.com/tupian/112319.html method=GET count=0>
2020-09-19 22:34:14 [test.Spider] INFO: name: 美波ゆさ 夏目, imgs:[<Element img at 0x25408b4c300>, <Element img at 0x25408b4c400>, <Element img at 0x25408b4c480>, <Element img at 0x25408b4c500>, <Element img at 0x25408b4c440>, <Element img at 0x25408b4cfc0>, <Element img at 0x25408b4d040>, <Element img at 0x25408b4d080>, <Element img at 0x25408b4d0c0>, <Element img at 0x25408b4cf40>, <Element img at 0x25408b4d100>, <Element img at 0x25408b4d140>, <Element img at 0x25408b4d180>, <Element img at 0x25408b4d1c0>, <Element img at 0x25408b4d200>, <Element img at 0x25408b4d240>, <Element img at 0x25408b4d280>, <Element img at 0x25408b4d2c0>, <Element img at 0x25408b4d300>, <Element img at 0x25408b4d340>]
2020-09-19 22:34:15 [test.Core] INFO: success <Request url=https://www.187bfeee594e.com/tupian/112305.html method=GET count=0>
2020-09-19 22:34:15 [test.Spider] INFO: name: 兔女郎温柔诱惑, imgs:[<Element img at 0x25408b4d880>, <Element img at 0x25408b4d9c0>, <Element img at 0x25408b4da40>, <Element img at 0x25408b4dac0>, <Element img at 0x25408b4da00>, <Element img at 0x25408b4e580>, <Element img at 0x25408b4e600>, <Element img at 0x25408b4e640>, <Element img at 0x25408b4e680>, <Element img at 0x25408b4e5c0>, <Element img at 0x25408b4e6c0>, <Element img at 0x25408b4e700>, <Element img at 0x25408b4e740>, <Element img at 0x25408b4e780>, <Element img at 0x25408b4e7c0>, <Element img at 0x25408b4e800>, <Element img at 0x25408b4e840>, <Element img at 0x25408b4e880>, <Element img at 0x25408b4e8c0>, <Element img at 0x25408b4e900>]
2020-09-19 22:34:15 [test.Core] INFO: success <Request url=https://www.187bfeee594e.com/tupian/112591.html method=GET count=0>
2020-09-19 22:34:15 [test.Spider] INFO: name: 俊俏的少妇正处在对男人如饥似渴的年龄, imgs:[<Element img at 0x25408b4ee80>, <Element img at 0x25408b4ef80>, <Element img at 0x25408b4efc0>, <Element img at 0x25408b4fb80>, <Element img at 0x25408b4f040>, <Element img at 0x25408b4fb40>, <Element img at 0x25408b4fbc0>, <Element img at 0x25408b4fc00>, <Element img at 0x25408b4fc40>, <Element img at 0x25408b4f0c0>, <Element img at 0x25408b4fc80>, <Element img at 0x25408b4fcc0>, <Element img at 0x25408b4fd00>, <Element img at 0x25408b4fd40>, <Element img at 0x25408b4fd80>, <Element img at 0x25408b4fdc0>, <Element img at 0x25408b4fe00>, <Element img at 0x25408b4fe40>, <Element img at 0x25408b4fe80>, <Element img at 0x25408b4fec0>]
2020-09-19 22:34:15 [test.Core] INFO: success <Request url=https://www.187bfeee594e.com/tupian/list-%E6%B8%85%E7%BA%AF%E5%94%AF%E7%BE%8E-2.html method=GET count=0>
2020-09-19 22:34:15 [test.Core] INFO: start <Request url=https://www.187bfeee594e.com/tupian/111997.html method=GET count=0>
2020-09-19 22:34:15 [test.Core] INFO: start <Request url=https://www.187bfeee594e.com/tupian/111996.html method=GET count=0>
2020-09-19 22:34:15 [test.Core] INFO: start <Request url=https://www.187bfeee594e.com/tupian/111995.html method=GET count=0>
2020-09-19 22:34:15 [test.Core] INFO: start <Request url=https://www.187bfeee594e.com/tupian/111994.html method=GET count=0>
2020-09-19 22:34:15 [test.Core] INFO: start <Request url=https://www.187bfeee594e.com/tupian/111993.html method=GET count=0>
2020-09-19 22:34:15 [test.Core] INFO: start <Request url=https://www.187bfeee594e.com/tupian/111901.html method=GET count=0>
2020-09-19 22:34:15 [test.Core] INFO: start <Request url=https://www.187bfeee594e.com/tupian/111900.html method=GET count=0>
2020-09-19 22:34:15 [test.Core] INFO: start <Request url=https://www.187bfeee594e.com/tupian/111899.html method=GET count=0>
2020-09-19 22:34:15 [test.Core] INFO: start <Request url=https://www.187bfeee594e.com/tupian/111898.html method=GET count=0>
2020-09-19 22:34:15 [test.Core] INFO: start <Request url=https://www.187bfeee594e.com/tupian/111897.html method=GET count=0>
2020-09-19 22:34:15 [test.Core] INFO: start <Request url=https://www.187bfeee594e.com/tupian/111834.html method=GET count=0>
2020-09-19 22:34:15 [test.Core] INFO: start <Request url=https://www.187bfeee594e.com/tupian/111833.html method=GET count=0>
2020-09-19 22:34:15 [test.Core] INFO: start <Request url=https://www.187bfeee594e.com/tupian/111832.html method=GET count=0>
2020-09-19 22:34:15 [test.Core] INFO: start <Request url=https://www.187bfeee594e.com/tupian/111831.html method=GET count=0>
2020-09-19 22:34:15 [test.Core] INFO: start <Request url=https://www.187bfeee594e.com/tupian/111830.html method=GET count=0>
2020-09-19 22:34:15 [test.Core] INFO: start <Request url=https://www.187bfeee594e.com/tupian/111677.html method=GET count=0>
2020-09-19 22:34:15 [test.Core] INFO: start <Request url=https://www.187bfeee594e.com/tupian/111676.html method=GET count=0>
2020-09-19 22:34:15 [test.Core] INFO: start <Request url=https://www.187bfeee594e.com/tupian/111675.html method=GET count=0>
2020-09-19 22:34:15 [test.Core] INFO: start <Request url=https://www.187bfeee594e.com/tupian/111674.html method=GET count=0>
2020-09-19 22:34:15 [test.Core] INFO: start <Request url=https://www.187bfeee594e.com/tupian/111673.html method=GET count=0>
2020-09-19 22:34:15 [test.Core] INFO: start <Request url=https://www.187bfeee594e.com/tupian/list-%E6%B8%85%E7%BA%AF%E5%94%AF%E7%BE%8E-3.html method=GET count=0>
2020-09-19 22:34:15 [test.Core] INFO: success <Request url=https://www.187bfeee594e.com/tupian/112316.html method=GET count=0>
2020-09-19 22:34:15 [test.Spider] INFO: name: 脱衣舞剧场的香艳演出, imgs:[<Element img at 0x25409b3aa00>, <Element img at 0x25409b3a900>, <Element img at 0x25409b30340>, <Element img at 0x25409b30300>, <Element img at 0x25409b30380>, <Element img at 0x25409b30400>, <Element img at 0x25409b30440>, <Element img at 0x25409b30480>, <Element img at 0x25409b304c0>, <Element img at 0x25409b303c0>, <Element img at 0x25409b30500>, <Element img at 0x25409b30540>, <Element img at 0x25409b30580>, <Element img at 0x25409b305c0>, <Element img at 0x25409b30600>, <Element img at 0x25409b30640>, <Element img at 0x25409b30680>, <Element img at 0x25409b306c0>, <Element img at 0x25409b30700>, <Element img at 0x25409b30740>]
2020-09-19 22:34:15 [test.Core] INFO: success <Request url=https://www.187bfeee594e.com/tupian/111996.html method=GET count=0>
2020-09-19 22:34:15 [test.Spider] INFO: name: 超爆乳大奶牛工口毛衣骚到姥姥家, imgs:[<Element img at 0x25409b41cc0>, <Element img at 0x25409b41d00>, <Element img at 0x25409b41d40>, <Element img at 0x25409b41d80>, <Element img at 0x25409b41dc0>, <Element img at 0x25409b41e40>, <Element img at 0x25409b41e80>, <Element img at 0x25409b41ec0>, <Element img at 0x25409b41f00>, <Element img at 0x25409b41e00>, <Element img at 0x25409b41f40>, <Element img at 0x25409b41f80>, <Element img at 0x25409b41fc0>, <Element img at 0x25409b42040>, <Element img at 0x25409b42080>, <Element img at 0x25409b420c0>, <Element img at 0x25409b42100>, <Element img at 0x25409b42140>, <Element img at 0x25409b42180>, <Element img at 0x25409b421c0>]
2020-09-19 22:34:15 [test.Core] INFO: success <Request url=https://www.187bfeee594e.com/tupian/112575.html method=GET count=0>
2020-09-19 22:34:15 [test.Spider] INFO: name:  肤如凝脂，丰满迷人, imgs:[<Element img at 0x25409b42740>, <Element img at 0x25409b42840>, <Element img at 0x25409b428c0>, <Element img at 0x25409b42940>, <Element img at 0x25409b42880>, <Element img at 0x25409b43400>, <Element img at 0x25409b43480>, <Element img at 0x25409b434c0>, <Element img at 0x25409b43500>, <Element img at 0x25409b43440>, <Element img at 0x25409b43540>, <Element img at 0x25409b43580>, <Element img at 0x25409b435c0>, <Element img at 0x25409b43600>, <Element img at 0x25409b43640>, <Element img at 0x25409b43680>, <Element img at 0x25409b436c0>, <Element img at 0x25409b43700>, <Element img at 0x25409b43740>, <Element img at 0x25409b43780>]
2020-09-19 22:34:15 [test.Core] INFO: success <Request url=https://www.187bfeee594e.com/tupian/111995.html method=GET count=0>
2020-09-19 22:34:15 [test.Spider] INFO: name: 天使女神萌琪琪Irene高清写真, imgs:[<Element img at 0x25409b43d00>, <Element img at 0x25409b43e40>, <Element img at 0x25409b43ec0>, <Element img at 0x25409b43f40>, <Element img at 0x25409b43e80>, <Element img at 0x25409b44a00>, <Element img at 0x25409b44a80>, <Element img at 0x25409b44ac0>, <Element img at 0x25409b44b00>, <Element img at 0x25409b44a40>, <Element img at 0x25409b44b40>, <Element img at 0x25409b44b80>, <Element img at 0x25409b44bc0>, <Element img at 0x25409b44c00>, <Element img at 0x25409b44c40>, <Element img at 0x25409b44c80>, <Element img at 0x25409b44cc0>, <Element img at 0x25409b44d00>, <Element img at 0x25409b44d40>, <Element img at 0x25409b44d80>]
2020-09-19 22:34:15 [test.Core] INFO: success <Request url=https://www.187bfeee594e.com/tupian/112466.html method=GET count=0>
2020-09-19 22:34:15 [test.Spider] INFO: name:  荒井的千尋, imgs:[<Element img at 0x25409b46440>, <Element img at 0x25409b464c0>, <Element img at 0x25409b46540>, <Element img at 0x25409b46480>, <Element img at 0x25409b46fc0>, <Element img at 0x25409b47080>, <Element img at 0x25409b470c0>, <Element img at 0x25409b47100>, <Element img at 0x25409b47140>, <Element img at 0x25409b47040>, <Element img at 0x25409b47180>, <Element img at 0x25409b471c0>, <Element img at 0x25409b47200>, <Element img at 0x25409b47240>, <Element img at 0x25409b47280>, <Element img at 0x25409b472c0>, <Element img at 0x25409b47300>, <Element img at 0x25409b47340>, <Element img at 0x25409b47380>, <Element img at 0x25409b473c0>]
2020-09-19 22:34:15 [test.Core] INFO: success <Request url=https://www.187bfeee594e.com/tupian/112303.html method=GET count=0>
2020-09-19 22:34:15 [test.Spider] INFO: name: 如此透明就不要穿奶罩子了嘛, imgs:[<Element img at 0x25409b47900>, <Element img at 0x25409b47b00>, <Element img at 0x25409b47b80>, <Element img at 0x25409b47c00>, <Element img at 0x25409b47b40>, <Element img at 0x25409b49740>, <Element img at 0x25409b497c0>, <Element img at 0x25409b49800>, <Element img at 0x25409b49840>, <Element img at 0x25409b49780>, <Element img at 0x25409b49880>, <Element img at 0x25409b498c0>, <Element img at 0x25409b49900>, <Element img at 0x25409b49940>, <Element img at 0x25409b49980>, <Element img at 0x25409b499c0>, <Element img at 0x25409b49a00>, <Element img at 0x25409b49a40>, <Element img at 0x25409b49a80>, <Element img at 0x25409b49ac0>]
2020-09-19 22:34:15 [test.Core] INFO: success <Request url=https://www.187bfeee594e.com/tupian/111994.html method=GET count=0>
2020-09-19 22:34:15 [test.Spider] INFO: name: 妹子的诱惑, imgs:[<Element img at 0x25409b4a1c0>, <Element img at 0x25409b4ad00>, <Element img at 0x25409b4ad80>, <Element img at 0x25409b4adc0>, <Element img at 0x25409b4ae00>, <Element img at 0x25409b4ae80>, <Element img at 0x25409b4aec0>, <Element img at 0x25409b4af00>, <Element img at 0x25409b4af40>, <Element img at 0x25409b4ae40>, <Element img at 0x25409b4af80>, <Element img at 0x25409b4afc0>, <Element img at 0x25409b4c040>, <Element img at 0x25409b4c080>, <Element img at 0x25409b4c0c0>, <Element img at 0x25409b4c100>, <Element img at 0x25409b4c140>, <Element img at 0x25409b4c180>, <Element img at 0x25409b4c1c0>, <Element img at 0x25409b4c200>]
2020-09-19 22:34:16 [test.Core] INFO: success <Request url=https://www.187bfeee594e.com/tupian/112320.html method=GET count=0>
2020-09-19 22:34:16 [test.Spider] INFO: name: 据说职业是售楼部的销售员，为了冲业绩，跟客户进行了不正当的私下交易, imgs:[<Element img at 0x25409b50100>, <Element img at 0x25409b50140>, <Element img at 0x25409b50180>, <Element img at 0x25409b501c0>, <Element img at 0x25409b50200>, <Element img at 0x25409b50280>, <Element img at 0x25409b502c0>, <Element img at 0x25409b50300>, <Element img at 0x25409b50340>, <Element img at 0x25409b50240>, <Element img at 0x25409b50380>, <Element img at 0x25409b503c0>, <Element img at 0x25409b50400>, <Element img at 0x25409b50440>, <Element img at 0x25409b50480>, <Element img at 0x25409b504c0>, <Element img at 0x25409b50500>, <Element img at 0x25409b50540>, <Element img at 0x25409b50580>, <Element img at 0x25409b505c0>]
2020-09-19 22:34:16 [test.Core] INFO: success <Request url=https://www.187bfeee594e.com/tupian/112588.html method=GET count=0>
2020-09-19 22:34:16 [test.Spider] INFO: name: 巨乳人妻公交车上拘束调教, imgs:[<Element img at 0x25409b50c00>, <Element img at 0x25409b50b40>, <Element img at 0x25409b50c40>, <Element img at 0x25409b50cc0>, <Element img at 0x25409b50d40>, <Element img at 0x25409b51840>, <Element img at 0x25409b51800>, <Element img at 0x25409b51880>, <Element img at 0x25409b518c0>, <Element img at 0x25409b50c80>, <Element img at 0x25409b51900>, <Element img at 0x25409b51940>, <Element img at 0x25409b51980>, <Element img at 0x25409b519c0>, <Element img at 0x25409b51a00>, <Element img at 0x25409b51a40>, <Element img at 0x25409b51a80>, <Element img at 0x25409b51ac0>, <Element img at 0x25409b51b00>, <Element img at 0x25409b51b40>]
2020-09-19 22:34:16 [test.Core] INFO: success <Request url=https://www.187bfeee594e.com/tupian/112126.html method=GET count=0>
2020-09-19 22:34:16 [test.Spider] INFO: name: 中村里美, imgs:[<Element img at 0x25409b53400>, <Element img at 0x25409b53500>, <Element img at 0x25409b53580>, <Element img at 0x25409b53600>, <Element img at 0x25409b53540>, <Element img at 0x25409b54180>, <Element img at 0x25409b54200>, <Element img at 0x25409b54240>, <Element img at 0x25409b54280>, <Element img at 0x25409b541c0>, <Element img at 0x25409b542c0>, <Element img at 0x25409b54300>, <Element img at 0x25409b54340>, <Element img at 0x25409b54380>, <Element img at 0x25409b543c0>, <Element img at 0x25409b54400>, <Element img at 0x25409b54440>, <Element img at 0x25409b54480>, <Element img at 0x25409b544c0>, <Element img at 0x25409b54500>]
2020-09-19 22:34:16 [test.Core] INFO: success <Request url=https://www.187bfeee594e.com/tupian/list-%E5%8D%A1%E9%80%9A%E5%8A%A8%E6%BC%AB-2.html method=GET count=0>
2020-09-19 22:34:16 [test.Core] INFO: start <Request url=https://www.187bfeee594e.com/tupian/111238.html method=GET count=0>
2020-09-19 22:34:16 [test.Core] INFO: start <Request url=https://www.187bfeee594e.com/tupian/111237.html method=GET count=0>
2020-09-19 22:34:16 [test.Core] INFO: start <Request url=https://www.187bfeee594e.com/tupian/111236.html method=GET count=0>
2020-09-19 22:34:16 [test.Core] INFO: start <Request url=https://www.187bfeee594e.com/tupian/111235.html method=GET count=0>
2020-09-19 22:34:16 [test.Core] INFO: start <Request url=https://www.187bfeee594e.com/tupian/111234.html method=GET count=0>
2020-09-19 22:34:16 [test.Core] INFO: start <Request url=https://www.187bfeee594e.com/tupian/111133.html method=GET count=0>
2020-09-19 22:34:16 [test.Core] INFO: start <Request url=https://www.187bfeee594e.com/tupian/111132.html method=GET count=0>
2020-09-19 22:34:16 [test.Core] INFO: start <Request url=https://www.187bfeee594e.com/tupian/111131.html method=GET count=0>
2020-09-19 22:34:16 [test.Core] INFO: start <Request url=https://www.187bfeee594e.com/tupian/111130.html method=GET count=0>
2020-09-19 22:34:16 [test.Core] INFO: start <Request url=https://www.187bfeee594e.com/tupian/111129.html method=GET count=0>
2020-09-19 22:34:16 [test.Core] INFO: start <Request url=https://www.187bfeee594e.com/tupian/111019.html method=GET count=0>
2020-09-19 22:34:16 [test.Core] INFO: start <Request url=https://www.187bfeee594e.com/tupian/111018.html method=GET count=0>
2020-09-19 22:34:16 [test.Core] INFO: start <Request url=https://www.187bfeee594e.com/tupian/111017.html method=GET count=0>
2020-09-19 22:34:16 [test.Core] INFO: start <Request url=https://www.187bfeee594e.com/tupian/111016.html method=GET count=0>
2020-09-19 22:34:16 [test.Core] INFO: start <Request url=https://www.187bfeee594e.com/tupian/111015.html method=GET count=0>
2020-09-19 22:34:16 [test.Core] INFO: start <Request url=https://www.187bfeee594e.com/tupian/110910.html method=GET count=0>
2020-09-19 22:34:16 [test.Core] INFO: start <Request url=https://www.187bfeee594e.com/tupian/110909.html method=GET count=0>
2020-09-19 22:34:16 [test.Core] INFO: start <Request url=https://www.187bfeee594e.com/tupian/110908.html method=GET count=0>
2020-09-19 22:34:16 [test.Core] INFO: start <Request url=https://www.187bfeee594e.com/tupian/110907.html method=GET count=0>
2020-09-19 22:34:16 [test.Core] INFO: start <Request url=https://www.187bfeee594e.com/tupian/110906.html method=GET count=0>
2020-09-19 22:34:16 [test.Core] INFO: start <Request url=https://www.187bfeee594e.com/tupian/list-%E5%8D%A1%E9%80%9A%E5%8A%A8%E6%BC%AB-3.html method=GET count=0>
2020-09-19 22:34:16 [test.Core] INFO: success <Request url=https://www.187bfeee594e.com/tupian/111900.html method=GET count=0>
2020-09-19 22:34:16 [test.Spider] INFO: name:  短发美女性感连体内衣, imgs:[<Element img at 0x25409b703c0>, <Element img at 0x25409b70440>, <Element img at 0x25409b70480>, <Element img at 0x25409b704c0>, <Element img at 0x25409b70400>, <Element img at 0x25409b705c0>, <Element img at 0x25409b70640>, <Element img at 0x25409b70540>, <Element img at 0x25409b70f00>, <Element img at 0x25409b70500>, <Element img at 0x25409b70f80>, <Element img at 0x25409b70fc0>, <Element img at 0x25409b72040>, <Element img at 0x25409b72080>, <Element img at 0x25409b720c0>, <Element img at 0x25409b72100>, <Element img at 0x25409b72140>, <Element img at 0x25409b72180>, <Element img at 0x25409b721c0>, <Element img at 0x25409b72200>]
2020-09-19 22:34:16 [test.Core] INFO: success <Request url=https://www.187bfeee594e.com/tupian/112128.html method=GET count=0>
2020-09-19 22:34:16 [test.Spider] INFO: name: 曼奇拉誘惑_藤嶋直, imgs:[<Element img at 0x25409b72840>, <Element img at 0x25409b72980>, <Element img at 0x25409b728c0>, <Element img at 0x25409b732c0>, <Element img at 0x25409b73300>, <Element img at 0x25409b73f40>, <Element img at 0x25409b73fc0>, <Element img at 0x25409b75040>, <Element img at 0x25409b75080>, <Element img at 0x25409b73380>, <Element img at 0x25409b750c0>, <Element img at 0x25409b75100>, <Element img at 0x25409b75140>, <Element img at 0x25409b75180>, <Element img at 0x25409b751c0>, <Element img at 0x25409b75200>, <Element img at 0x25409b75240>, <Element img at 0x25409b75280>, <Element img at 0x25409b752c0>, <Element img at 0x25409b75300>]
2020-09-19 22:34:16 [test.Core] INFO: success <Request url=https://www.187bfeee594e.com/tupian/111238.html method=GET count=0>
2020-09-19 22:34:16 [test.Spider] INFO: name: 游戏或动漫同人CG2970, imgs:[<Element img at 0x25409b552c0>, <Element img at 0x25409b55340>, <Element img at 0x25409b553c0>, <Element img at 0x25409b550c0>, <Element img at 0x25409b55640>, <Element img at 0x25409b55580>, <Element img at 0x25409b55540>, <Element img at 0x25409b55600>, <Element img at 0x25409b55480>, <Element img at 0x25409b55680>, <Element img at 0x25409b55440>, <Element img at 0x25409b55500>, <Element img at 0x25409b551c0>, <Element img at 0x25409b55280>, <Element img at 0x25409b55100>, <Element img at 0x25409b55180>, <Element img at 0x25409b55040>, <Element img at 0x25409b55080>, <Element img at 0x254082cb0c0>, <Element img at 0x25408ae32c0>]
2020-09-19 22:34:16 [test.Core] INFO: success <Request url=https://www.187bfeee594e.com/tupian/112470.html method=GET count=0>
2020-09-19 22:34:16 [test.Spider] INFO: name:  继母亲身性教育, imgs:[<Element img at 0x25409b77840>, <Element img at 0x25409b77880>, <Element img at 0x25409b778c0>, <Element img at 0x25409b77900>, <Element img at 0x25409b77940>, <Element img at 0x25409b779c0>, <Element img at 0x25409b77a00>, <Element img at 0x25409b77a40>, <Element img at 0x25409b77a80>, <Element img at 0x25409b77980>, <Element img at 0x25409b77ac0>, <Element img at 0x25409b77b00>, <Element img at 0x25409b77b40>, <Element img at 0x25409b77b80>, <Element img at 0x25409b77bc0>, <Element img at 0x25409b77c00>, <Element img at 0x25409b77c40>, <Element img at 0x25409b77c80>, <Element img at 0x25409b77cc0>, <Element img at 0x25409b77d00>]
2020-09-19 22:34:16 [test.Core] INFO: success <Request url=https://www.187bfeee594e.com/tupian/112469.html method=GET count=0>
2020-09-19 22:34:16 [test.Spider] INFO: name:  極射_上野真奈美, imgs:[<Element img at 0x25409b785c0>, <Element img at 0x25409b79200>, <Element img at 0x25409b791c0>, <Element img at 0x25409b79240>, <Element img at 0x25409b79280>, <Element img at 0x25409b79300>, <Element img at 0x25409b79340>, <Element img at 0x25409b79380>, <Element img at 0x25409b793c0>, <Element img at 0x25409b792c0>, <Element img at 0x25409b79400>, <Element img at 0x25409b79440>, <Element img at 0x25409b79480>, <Element img at 0x25409b794c0>, <Element img at 0x25409b79500>, <Element img at 0x25409b79540>, <Element img at 0x25409b79580>, <Element img at 0x25409b795c0>, <Element img at 0x25409b79600>, <Element img at 0x25409b79640>]
2020-09-19 22:34:16 [test.Core] INFO: success <Request url=https://www.187bfeee594e.com/tupian/111705.html method=GET count=0>
2020-09-19 22:34:16 [test.Spider] INFO: name: 游戏或动漫同人CG2988, imgs:[<Element img at 0x25409b7c740>, <Element img at 0x25409b7c7c0>, <Element img at 0x25409b7c700>, <Element img at 0x25409b7d3c0>, <Element img at 0x25409b7d380>, <Element img at 0x25409b7d440>, <Element img at 0x25409b7d480>, <Element img at 0x25409b7d4c0>, <Element img at 0x25409b7d500>, <Element img at 0x25409b7d400>, <Element img at 0x25409b7d540>, <Element img at 0x25409b7d580>, <Element img at 0x25409b7d5c0>, <Element img at 0x25409b7d600>, <Element img at 0x25409b7d640>, <Element img at 0x25409b7d680>, <Element img at 0x25409b7d6c0>, <Element img at 0x25409b7d700>, <Element img at 0x25409b7d740>, <Element img at 0x25409b7d780>]
2020-09-19 22:34:16 [test.Core] INFO: success <Request url=https://www.187bfeee594e.com/tupian/111677.html method=GET count=0>
2020-09-19 22:34:16 [test.Spider] INFO: name: 美女的单车, imgs:[<Element img at 0x25409b80180>, <Element img at 0x25409b800c0>, <Element img at 0x25409b801c0>, <Element img at 0x25409b80240>, <Element img at 0x25409b802c0>, <Element img at 0x25409b80e00>, <Element img at 0x25409b80e80>, <Element img at 0x25409b80ec0>, <Element img at 0x25409b80f00>, <Element img at 0x25409b80200>, <Element img at 0x25409b80f40>, <Element img at 0x25409b80f80>, <Element img at 0x25409b80fc0>, <Element img at 0x25409b82040>, <Element img at 0x25409b82080>, <Element img at 0x25409b820c0>, <Element img at 0x25409b82100>, <Element img at 0x25409b82140>, <Element img at 0x25409b82180>, <Element img at 0x25409b821c0>]
2020-09-19 22:34:16 [test.Core] INFO: success <Request url=https://www.187bfeee594e.com/tupian/111234.html method=GET count=0>
2020-09-19 22:34:16 [test.Spider] INFO: name: 游戏或动漫同人CG2966, imgs:[<Element img at 0x25409b82700>, <Element img at 0x25409b82840>, <Element img at 0x25409b828c0>, <Element img at 0x25409b82940>, <Element img at 0x25409b82880>, <Element img at 0x25409b83400>, <Element img at 0x25409b83480>, <Element img at 0x25409b834c0>, <Element img at 0x25409b83500>, <Element img at 0x25409b83440>, <Element img at 0x25409b83540>, <Element img at 0x25409b83580>, <Element img at 0x25409b835c0>, <Element img at 0x25409b83600>, <Element img at 0x25409b83640>, <Element img at 0x25409b83680>, <Element img at 0x25409b836c0>, <Element img at 0x25409b83700>, <Element img at 0x25409b83740>, <Element img at 0x25409b83780>]
2020-09-19 22:34:16 [test.Core] INFO: success <Request url=https://www.187bfeee594e.com/tupian/111235.html method=GET count=0>
2020-09-19 22:34:16 [test.Spider] INFO: name: 游戏或动漫同人CG2967, imgs:[<Element img at 0x25409b851c0>, <Element img at 0x25409b85240>, <Element img at 0x25409b85040>, <Element img at 0x25409b85180>, <Element img at 0x25409b85e00>, <Element img at 0x25409b85d80>, <Element img at 0x25409b87a40>, <Element img at 0x25409b87ac0>, <Element img at 0x25409b87b00>, <Element img at 0x25409b85e80>, <Element img at 0x25409b87b40>, <Element img at 0x25409b87b80>, <Element img at 0x25409b87bc0>, <Element img at 0x25409b87c00>, <Element img at 0x25409b87c40>, <Element img at 0x25409b87c80>, <Element img at 0x25409b87cc0>, <Element img at 0x25409b87d00>, <Element img at 0x25409b87d40>, <Element img at 0x25409b87d80>]
2020-09-19 22:34:16 [test.Core] INFO: success <Request url=https://www.187bfeee594e.com/tupian/111131.html method=GET count=0>
2020-09-19 22:34:16 [test.Spider] INFO: name: 游戏或动漫同人CG2963, imgs:[<Element img at 0x25409b78540>, <Element img at 0x25409b5aac0>, <Element img at 0x25409b88340>, <Element img at 0x25409b88300>, <Element img at 0x25409b88380>, <Element img at 0x25409b88400>, <Element img at 0x25409b88440>, <Element img at 0x25409b88480>, <Element img at 0x25409b884c0>, <Element img at 0x25409b883c0>, <Element img at 0x25409b88500>, <Element img at 0x25409b88540>, <Element img at 0x25409b88580>, <Element img at 0x25409b885c0>, <Element img at 0x25409b88600>, <Element img at 0x25409b88640>, <Element img at 0x25409b88680>, <Element img at 0x25409b886c0>, <Element img at 0x25409b88700>, <Element img at 0x25409b88740>]
2020-09-19 22:34:17 [test.Core] INFO: success <Request url=https://www.187bfeee594e.com/tupian/111993.html method=GET count=0>
2020-09-19 22:34:17 [test.Spider] INFO: name: 真空出镜燃人欲火, imgs:[<Element img at 0x25409b89d00>, <Element img at 0x25409b89040>, <Element img at 0x25409b89080>, <Element img at 0x25409b89100>, <Element img at 0x25409b89180>, <Element img at 0x25409b89cc0>, <Element img at 0x25409b89d40>, <Element img at 0x25409b89d80>, <Element img at 0x25409b89dc0>, <Element img at 0x25409b890c0>, <Element img at 0x25409b89e00>, <Element img at 0x25409b89e40>, <Element img at 0x25409b89e80>, <Element img at 0x25409b89ec0>, <Element img at 0x25409b89f00>, <Element img at 0x25409b89f40>, <Element img at 0x25409b89f80>, <Element img at 0x25409b89fc0>, <Element img at 0x25409b8b040>, <Element img at 0x25409b8b080>]
2020-09-19 22:34:17 [test.Core] INFO: success <Request url=https://www.187bfeee594e.com/tupian/111676.html method=GET count=0>
2020-09-19 22:34:17 [test.Spider] INFO: name:  邻家女孩虞成敬, imgs:[<Element img at 0x25409b8b5c0>, <Element img at 0x25409b8b700>, <Element img at 0x25409b8b780>, <Element img at 0x25409b8b800>, <Element img at 0x25409b8b740>, <Element img at 0x25409b8c2c0>, <Element img at 0x25409b8c340>, <Element img at 0x25409b8c380>, <Element img at 0x25409b8c3c0>, <Element img at 0x25409b8c300>, <Element img at 0x25409b8c400>, <Element img at 0x25409b8c440>, <Element img at 0x25409b8c480>, <Element img at 0x25409b8c4c0>, <Element img at 0x25409b8c500>, <Element img at 0x25409b8c540>, <Element img at 0x25409b8c580>, <Element img at 0x25409b8c5c0>, <Element img at 0x25409b8c600>, <Element img at 0x25409b8c640>]
2020-09-19 22:34:17 [test.Core] INFO: success <Request url=https://www.187bfeee594e.com/tupian/111899.html method=GET count=0>
2020-09-19 22:34:17 [test.Spider] INFO: name: 大胸美女东妮大秀魔鬼身材, imgs:[<Element img at 0x25409b8cb80>, <Element img at 0x25409b8ccc0>, <Element img at 0x25409b8cd40>, <Element img at 0x25409b8cdc0>, <Element img at 0x25409b8cd00>, <Element img at 0x25409b8d880>, <Element img at 0x25409b8d900>, <Element img at 0x25409b8d940>, <Element img at 0x25409b8d980>, <Element img at 0x25409b8d8c0>, <Element img at 0x25409b8d9c0>, <Element img at 0x25409b8da00>, <Element img at 0x25409b8da40>, <Element img at 0x25409b8da80>, <Element img at 0x25409b8dac0>, <Element img at 0x25409b8db00>, <Element img at 0x25409b8db40>, <Element img at 0x25409b8db80>, <Element img at 0x25409b8dbc0>, <Element img at 0x25409b8dc00>]
2020-09-19 22:34:17 [test.Core] INFO: success <Request url=https://www.187bfeee594e.com/tupian/112468.html method=GET count=0>
2020-09-19 22:34:17 [test.Spider] INFO: name: 她的屁股让我热血沸腾, imgs:[<Element img at 0x25409b8e4c0>, <Element img at 0x25409b8e5c0>, <Element img at 0x25409b8e640>, <Element img at 0x25409b8e6c0>, <Element img at 0x25409b8e600>, <Element img at 0x25409b91240>, <Element img at 0x25409b912c0>, <Element img at 0x25409b91300>, <Element img at 0x25409b91340>, <Element img at 0x25409b91280>, <Element img at 0x25409b91380>, <Element img at 0x25409b913c0>, <Element img at 0x25409b91400>, <Element img at 0x25409b91440>, <Element img at 0x25409b91480>, <Element img at 0x25409b914c0>, <Element img at 0x25409b91500>, <Element img at 0x25409b91540>, <Element img at 0x25409b91580>, <Element img at 0x25409b915c0>]
2020-09-19 22:34:17 [test.Core] INFO: success <Request url=https://www.187bfeee594e.com/tupian/112590.html method=GET count=0>
2020-09-19 22:34:17 [test.Spider] INFO: name: 绝美短发少女口技了得，服务一流，让人流连忘返, imgs:[<Element img at 0x25409b91b00>, <Element img at 0x25409b91c40>, <Element img at 0x25409b91cc0>, <Element img at 0x25409b91d40>, <Element img at 0x25409b91c80>, <Element img at 0x25409b94800>, <Element img at 0x25409b94880>, <Element img at 0x25409b948c0>, <Element img at 0x25409b94900>, <Element img at 0x25409b94840>, <Element img at 0x25409b94940>, <Element img at 0x25409b94980>, <Element img at 0x25409b949c0>, <Element img at 0x25409b94a00>, <Element img at 0x25409b94a40>, <Element img at 0x25409b94a80>, <Element img at 0x25409b94ac0>, <Element img at 0x25409b94b00>, <Element img at 0x25409b94b40>, <Element img at 0x25409b94b80>]
2020-09-19 22:34:17 [test.Core] INFO: success <Request url=https://www.187bfeee594e.com/tupian/112112.html method=GET count=0>
2020-09-19 22:34:17 [test.Spider] INFO: name:  橙色泳装的美女, imgs:[<Element img at 0x25409b95200>, <Element img at 0x25409b95140>, <Element img at 0x25409b95240>, <Element img at 0x25409b952c0>, <Element img at 0x25409b95340>, <Element img at 0x25409b95dc0>, <Element img at 0x25409b95e40>, <Element img at 0x25409b95e80>, <Element img at 0x25409b95ec0>, <Element img at 0x25409b95280>, <Element img at 0x25409b95f00>, <Element img at 0x25409b95f40>, <Element img at 0x25409b95f80>, <Element img at 0x25409b95fc0>, <Element img at 0x25409b96040>, <Element img at 0x25409b96080>, <Element img at 0x25409b960c0>, <Element img at 0x25409b96100>, <Element img at 0x25409b96140>, <Element img at 0x25409b96180>]
2020-09-19 22:34:17 [test.Core] INFO: success <Request url=https://www.187bfeee594e.com/tupian/111236.html method=GET count=0>
2020-09-19 22:34:17 [test.Spider] INFO: name: 游戏或动漫同人CG2968, imgs:[<Element img at 0x25409b96880>, <Element img at 0x25409b96980>, <Element img at 0x25409b96a00>, <Element img at 0x25409b96a80>, <Element img at 0x25409b969c0>, <Element img at 0x25409b99640>, <Element img at 0x25409b996c0>, <Element img at 0x25409b99700>, <Element img at 0x25409b99740>, <Element img at 0x25409b99680>, <Element img at 0x25409b99780>, <Element img at 0x25409b997c0>, <Element img at 0x25409b99800>, <Element img at 0x25409b99840>, <Element img at 0x25409b99880>, <Element img at 0x25409b998c0>, <Element img at 0x25409b99900>, <Element img at 0x25409b99940>, <Element img at 0x25409b99980>, <Element img at 0x25409b999c0>]
2020-09-19 22:34:17 [test.Core] INFO: success <Request url=https://www.187bfeee594e.com/tupian/111508.html method=GET count=0>
2020-09-19 22:34:17 [test.Spider] INFO: name: 游戏或动漫同人CG2979, imgs:[<Element img at 0x25409b9bc40>, <Element img at 0x25409b9bcc0>, <Element img at 0x25409b9bd40>, <Element img at 0x25409b9bc80>, <Element img at 0x25409b9c8c0>, <Element img at 0x25409b9c900>, <Element img at 0x25409b9c940>, <Element img at 0x25409b9c980>, <Element img at 0x25409b9c9c0>, <Element img at 0x25409b9c880>, <Element img at 0x25409b9ca00>, <Element img at 0x25409b9ca40>, <Element img at 0x25409b9ca80>, <Element img at 0x25409b9cac0>, <Element img at 0x25409b9cb00>, <Element img at 0x25409b9cb40>, <Element img at 0x25409b9cb80>, <Element img at 0x25409b9cbc0>, <Element img at 0x25409b9cc00>, <Element img at 0x25409b9cc40>]
2020-09-19 22:34:17 [test.Core] INFO: success <Request url=https://www.187bfeee594e.com/tupian/112302.html method=GET count=0>
2020-09-19 22:34:17 [test.Spider] INFO: name: 内骚人前娇滴滴，人后浪兮兮, imgs:[<Element img at 0x25409b9d2c0>, <Element img at 0x25409b9d1c0>, <Element img at 0x25409b9d300>, <Element img at 0x25409b9d380>, <Element img at 0x25409b9d400>, <Element img at 0x25409b9de80>, <Element img at 0x25409b9df00>, <Element img at 0x25409b9df40>, <Element img at 0x25409b9df80>, <Element img at 0x25409b9d340>, <Element img at 0x25409b9dfc0>, <Element img at 0x25409b9f040>, <Element img at 0x25409b9f080>, <Element img at 0x25409b9f0c0>, <Element img at 0x25409b9f100>, <Element img at 0x25409b9f140>, <Element img at 0x25409b9f180>, <Element img at 0x25409b9f1c0>, <Element img at 0x25409b9f200>, <Element img at 0x25409b9f240>]
2020-09-19 22:34:17 [test.Core] INFO: success <Request url=https://www.187bfeee594e.com/tupian/112318.html method=GET count=0>
2020-09-19 22:34:17 [test.Spider] INFO: name: 低成本制作专猎熟女人妻, imgs:[<Element img at 0x25409b9f780>, <Element img at 0x25409b9f8c0>, <Element img at 0x25409b9f940>, <Element img at 0x25409b9f9c0>, <Element img at 0x25409b9f900>, <Element img at 0x25409ba0480>, <Element img at 0x25409ba0500>, <Element img at 0x25409ba0540>, <Element img at 0x25409ba0580>, <Element img at 0x25409ba04c0>, <Element img at 0x25409ba05c0>, <Element img at 0x25409ba0600>, <Element img at 0x25409ba0640>, <Element img at 0x25409ba0680>, <Element img at 0x25409ba06c0>, <Element img at 0x25409ba0700>, <Element img at 0x25409ba0740>, <Element img at 0x25409ba0780>, <Element img at 0x25409ba07c0>, <Element img at 0x25409ba0800>]
2020-09-19 22:34:17 [test.Core] INFO: success <Request url=https://www.187bfeee594e.com/tupian/111019.html method=GET count=0>
2020-09-19 22:34:17 [test.Spider] INFO: name: 游戏或动漫同人CG2960, imgs:[<Element img at 0x25409ba0d80>, <Element img at 0x25409ba0e80>, <Element img at 0x25409ba0f00>, <Element img at 0x25409ba0f80>, <Element img at 0x25409ba0ec0>, <Element img at 0x25409ba2a40>, <Element img at 0x25409ba2ac0>, <Element img at 0x25409ba2b00>, <Element img at 0x25409ba2b40>, <Element img at 0x25409ba2a80>, <Element img at 0x25409ba2b80>, <Element img at 0x25409ba2bc0>, <Element img at 0x25409ba2c00>, <Element img at 0x25409ba2c40>, <Element img at 0x25409ba2c80>, <Element img at 0x25409ba2cc0>, <Element img at 0x25409ba2d00>, <Element img at 0x25409ba2d40>, <Element img at 0x25409ba2d80>, <Element img at 0x25409ba2dc0>]
2020-09-19 22:34:18 [test.Core] INFO: success <Request url=https://www.187bfeee594e.com/tupian/111901.html method=GET count=0>
2020-09-19 22:34:18 [test.Spider] INFO: name:   丰满美女Sukki, imgs:[<Element img at 0x25409ba3a40>, <Element img at 0x25409ba3b40>, <Element img at 0x25409ba3bc0>, <Element img at 0x25409ba3c40>, <Element img at 0x25409ba3b80>, <Element img at 0x25409ba57c0>, <Element img at 0x25409ba5840>, <Element img at 0x25409ba5880>, <Element img at 0x25409ba58c0>, <Element img at 0x25409ba5800>, <Element img at 0x25409ba5900>, <Element img at 0x25409ba5940>, <Element img at 0x25409ba5980>, <Element img at 0x25409ba59c0>, <Element img at 0x25409ba5a00>, <Element img at 0x25409ba5a40>, <Element img at 0x25409ba5a80>, <Element img at 0x25409ba5ac0>, <Element img at 0x25409ba5b00>, <Element img at 0x25409ba5b40>]
2020-09-19 22:34:18 [test.Core] INFO: success <Request url=https://www.187bfeee594e.com/tupian/111509.html method=GET count=0>
2020-09-19 22:34:18 [test.Spider] INFO: name: 游戏或动漫同人CG2980, imgs:[<Element img at 0x25409ba61c0>, <Element img at 0x25409ba60c0>, <Element img at 0x25409ba6200>, <Element img at 0x25409ba6280>, <Element img at 0x25409ba6300>, <Element img at 0x25409ba6d80>, <Element img at 0x25409ba6e00>, <Element img at 0x25409ba6e40>, <Element img at 0x25409ba6e80>, <Element img at 0x25409ba6240>, <Element img at 0x25409ba6ec0>, <Element img at 0x25409ba6f00>, <Element img at 0x25409ba6f40>, <Element img at 0x25409ba6f80>, <Element img at 0x25409ba6fc0>, <Element img at 0x25409ba7040>, <Element img at 0x25409ba7080>, <Element img at 0x25409ba70c0>, <Element img at 0x25409ba7100>, <Element img at 0x25409ba7140>]
2020-09-19 22:34:18 [test.Core] INFO: success <Request url=https://www.187bfeee594e.com/tupian/112304.html method=GET count=0>
2020-09-19 22:34:18 [test.Spider] INFO: name:  放开那两个勺子，让我来, imgs:[<Element img at 0x25409ba7cc0>, <Element img at 0x25409ba7c00>, <Element img at 0x25409ba98c0>, <Element img at 0x25409ba9880>, <Element img at 0x25409ba9900>, <Element img at 0x25409ba9980>, <Element img at 0x25409ba99c0>, <Element img at 0x25409ba9a00>, <Element img at 0x25409ba9a40>, <Element img at 0x25409ba9940>, <Element img at 0x25409ba9a80>, <Element img at 0x25409ba9ac0>, <Element img at 0x25409ba9b00>, <Element img at 0x25409ba9b40>, <Element img at 0x25409ba9b80>, <Element img at 0x25409ba9bc0>, <Element img at 0x25409ba9c00>, <Element img at 0x25409ba9c40>, <Element img at 0x25409ba9c80>, <Element img at 0x25409ba9cc0>]
2020-09-19 22:34:18 [test.Core] INFO: success <Request url=https://www.187bfeee594e.com/tupian/111132.html method=GET count=0>
2020-09-19 22:34:18 [test.Spider] INFO: name: 游戏或动漫同人CG2964, imgs:[<Element img at 0x25409bac380>, <Element img at 0x25409bac280>, <Element img at 0x25409bac3c0>, <Element img at 0x25409bac440>, <Element img at 0x25409bac4c0>, <Element img at 0x25409bacf40>, <Element img at 0x25409bacfc0>, <Element img at 0x25409bad040>, <Element img at 0x25409bad080>, <Element img at 0x25409bac400>, <Element img at 0x25409bad0c0>, <Element img at 0x25409bad100>, <Element img at 0x25409bad140>, <Element img at 0x25409bad180>, <Element img at 0x25409bad1c0>, <Element img at 0x25409bad200>, <Element img at 0x25409bad240>, <Element img at 0x25409bad280>, <Element img at 0x25409bad2c0>, <Element img at 0x25409bad300>]
2020-09-19 22:47:22 [test.Core] INFO: start <Request url=https://www.187bfeee594e.com/tupian/list-%E8%87%AA%E6%8B%8D%E5%81%B7%E6%8B%8D.html method=GET count=0>
2020-09-19 22:47:22 [test.Core] INFO: start <Request url=https://www.187bfeee594e.com/tupian/list-%E4%BA%9A%E6%B4%B2%E8%89%B2%E5%9B%BE.html method=GET count=0>
2020-09-19 22:47:22 [test.Core] INFO: start <Request url=https://www.187bfeee594e.com/tupian/list-%E6%AC%A7%E7%BE%8E%E8%89%B2%E5%9B%BE.html method=GET count=0>
2020-09-19 22:47:22 [test.Core] INFO: start <Request url=https://www.187bfeee594e.com/tupian/list-%E7%BE%8E%E8%85%BF%E4%B8%9D%E8%A2%9C.html method=GET count=0>
2020-09-19 22:47:22 [test.Core] INFO: start <Request url=https://www.187bfeee594e.com/tupian/list-%E6%B8%85%E7%BA%AF%E5%94%AF%E7%BE%8E.html method=GET count=0>
2020-09-19 22:47:22 [test.Core] INFO: start <Request url=https://www.187bfeee594e.com/tupian/list-%E4%B9%B1%E4%BC%A6%E7%86%9F%E5%A5%B3.html method=GET count=0>
2020-09-19 22:47:22 [test.Core] INFO: start <Request url=https://www.187bfeee594e.com/tupian/list-%E5%8D%A1%E9%80%9A%E5%8A%A8%E6%BC%AB.html method=GET count=0>
2020-09-19 22:47:33 [test.Core] INFO: success <Request url=https://www.187bfeee594e.com/tupian/list-%E5%8D%A1%E9%80%9A%E5%8A%A8%E6%BC%AB.html method=GET count=0>
2020-09-19 22:47:33 [test.Core] INFO: start <Request url=https://www.187bfeee594e.com/tupian/111707.html method=GET count=0>
2020-09-19 22:47:33 [test.Core] INFO: start <Request url=https://www.187bfeee594e.com/tupian/111706.html method=GET count=0>
2020-09-19 22:47:33 [test.Core] INFO: start <Request url=https://www.187bfeee594e.com/tupian/111705.html method=GET count=0>
2020-09-19 22:47:33 [test.Core] INFO: start <Request url=https://www.187bfeee594e.com/tupian/111704.html method=GET count=0>
2020-09-19 22:47:33 [test.Core] INFO: start <Request url=https://www.187bfeee594e.com/tupian/111703.html method=GET count=0>
2020-09-19 22:47:33 [test.Core] INFO: start <Request url=https://www.187bfeee594e.com/tupian/111651.html method=GET count=0>
2020-09-19 22:47:33 [test.Core] INFO: start <Request url=https://www.187bfeee594e.com/tupian/111650.html method=GET count=0>
2020-09-19 22:47:33 [test.Core] INFO: start <Request url=https://www.187bfeee594e.com/tupian/111649.html method=GET count=0>
2020-09-19 22:47:33 [test.Core] INFO: start <Request url=https://www.187bfeee594e.com/tupian/111648.html method=GET count=0>
2020-09-19 22:47:33 [test.Core] INFO: start <Request url=https://www.187bfeee594e.com/tupian/111647.html method=GET count=0>
2020-09-19 22:47:33 [test.Core] INFO: start <Request url=https://www.187bfeee594e.com/tupian/111509.html method=GET count=0>
2020-09-19 22:47:33 [test.Core] INFO: start <Request url=https://www.187bfeee594e.com/tupian/111508.html method=GET count=0>
2020-09-19 22:47:33 [test.Core] INFO: start <Request url=https://www.187bfeee594e.com/tupian/111507.html method=GET count=0>
2020-09-19 22:47:33 [test.Core] INFO: start <Request url=https://www.187bfeee594e.com/tupian/111506.html method=GET count=0>
2020-09-19 22:47:33 [test.Core] INFO: start <Request url=https://www.187bfeee594e.com/tupian/111505.html method=GET count=0>
2020-09-19 22:47:33 [test.Core] INFO: start <Request url=https://www.187bfeee594e.com/tupian/111332.html method=GET count=0>
2020-09-19 22:47:33 [test.Core] INFO: start <Request url=https://www.187bfeee594e.com/tupian/111331.html method=GET count=0>
2020-09-19 22:47:33 [test.Core] INFO: start <Request url=https://www.187bfeee594e.com/tupian/111330.html method=GET count=0>
2020-09-19 22:47:33 [test.Core] INFO: start <Request url=https://www.187bfeee594e.com/tupian/111329.html method=GET count=0>
2020-09-19 22:47:33 [test.Core] INFO: start <Request url=https://www.187bfeee594e.com/tupian/111328.html method=GET count=0>
2020-09-19 22:47:33 [test.Core] INFO: start <Request url=https://www.187bfeee594e.com/tupian/list-%E5%8D%A1%E9%80%9A%E5%8A%A8%E6%BC%AB-2.html method=GET count=0>
2020-09-19 22:47:33 [test.Core] INFO: success <Request url=https://www.187bfeee594e.com/tupian/list-%E6%AC%A7%E7%BE%8E%E8%89%B2%E5%9B%BE.html method=GET count=0>
2020-09-19 22:47:33 [test.Core] INFO: start <Request url=https://www.187bfeee594e.com/tupian/112108.html method=GET count=0>
2020-09-19 22:47:33 [test.Core] INFO: start <Request url=https://www.187bfeee594e.com/tupian/112107.html method=GET count=0>
2020-09-19 22:47:33 [test.Core] INFO: start <Request url=https://www.187bfeee594e.com/tupian/112106.html method=GET count=0>
2020-09-19 22:47:33 [test.Core] INFO: start <Request url=https://www.187bfeee594e.com/tupian/112105.html method=GET count=0>
2020-09-19 22:47:33 [test.Core] INFO: start <Request url=https://www.187bfeee594e.com/tupian/112104.html method=GET count=0>
2020-09-19 22:47:33 [test.Core] INFO: start <Request url=https://www.187bfeee594e.com/tupian/112007.html method=GET count=0>
2020-09-19 22:47:33 [test.Core] INFO: start <Request url=https://www.187bfeee594e.com/tupian/112006.html method=GET count=0>
2020-09-19 22:47:33 [test.Core] INFO: start <Request url=https://www.187bfeee594e.com/tupian/112005.html method=GET count=0>
2020-09-19 22:47:33 [test.Core] INFO: start <Request url=https://www.187bfeee594e.com/tupian/112004.html method=GET count=0>
2020-09-19 22:47:33 [test.Core] INFO: start <Request url=https://www.187bfeee594e.com/tupian/112003.html method=GET count=0>
2020-09-19 22:47:33 [test.Core] INFO: start <Request url=https://www.187bfeee594e.com/tupian/111907.html method=GET count=0>
2020-09-19 22:47:33 [test.Core] INFO: start <Request url=https://www.187bfeee594e.com/tupian/111906.html method=GET count=0>
2020-09-19 22:47:33 [test.Core] INFO: start <Request url=https://www.187bfeee594e.com/tupian/111905.html method=GET count=0>
2020-09-19 22:47:33 [test.Core] INFO: start <Request url=https://www.187bfeee594e.com/tupian/111903.html method=GET count=0>
2020-09-19 22:47:33 [test.Core] INFO: start <Request url=https://www.187bfeee594e.com/tupian/111902.html method=GET count=0>
2020-09-19 22:47:33 [test.Core] INFO: start <Request url=https://www.187bfeee594e.com/tupian/111829.html method=GET count=0>
2020-09-19 22:47:33 [test.Core] INFO: start <Request url=https://www.187bfeee594e.com/tupian/111828.html method=GET count=0>
2020-09-19 22:47:33 [test.Core] INFO: start <Request url=https://www.187bfeee594e.com/tupian/111827.html method=GET count=0>
2020-09-19 22:47:33 [test.Core] INFO: start <Request url=https://www.187bfeee594e.com/tupian/111826.html method=GET count=0>
2020-09-19 22:47:33 [test.Core] INFO: start <Request url=https://www.187bfeee594e.com/tupian/111825.html method=GET count=0>
2020-09-19 22:47:33 [test.Core] INFO: start <Request url=https://www.187bfeee594e.com/tupian/list-%E6%AC%A7%E7%BE%8E%E8%89%B2%E5%9B%BE-2.html method=GET count=0>
2020-09-19 22:47:34 [test.Spider] INFO: name: 游戏或动漫同人CG2990, imgs:[<Element img at 0x1dfb3dd2f40>, <Element img at 0x1dfb3dd2ec0>, <Element img at 0x1dfb3dd2f00>, <Element img at 0x1dfb3dd2fc0>, <Element img at 0x1dfb3dd2e00>, <Element img at 0x1dfb3dd2e80>, <Element img at 0x1dfb3dd2d00>, <Element img at 0x1dfb3dd2cc0>, <Element img at 0x1dfb3dd2d80>, <Element img at 0x1dfb3dd2dc0>, <Element img at 0x1dfb3dd2c80>, <Element img at 0x1dfb3dd2bc0>, <Element img at 0x1dfb3dd2b80>, <Element img at 0x1dfb3dd2c00>, <Element img at 0x1dfb3dd2ac0>, <Element img at 0x1dfb3dd2b40>, <Element img at 0x1dfb3dd2a80>, <Element img at 0x1dfb3dd2a00>, <Element img at 0x1dfb3cd5300>, <Element img at 0x1dfb3dd5080>]
2020-09-19 22:47:34 [test.Core] INFO: success <Request url=https://www.187bfeee594e.com/tupian/111707.html method=GET count=0>
2020-09-19 22:47:34 [test.Core] INFO: success <Request url=https://www.187bfeee594e.com/tupian/list-%E8%87%AA%E6%8B%8D%E5%81%B7%E6%8B%8D.html method=GET count=0>
2020-09-19 22:47:34 [test.Core] INFO: start <Request url=https://www.187bfeee594e.com/tupian/112567.html method=GET count=0>
2020-09-19 22:47:34 [test.Core] INFO: start <Request url=https://www.187bfeee594e.com/tupian/112566.html method=GET count=0>
2020-09-19 22:47:34 [test.Core] INFO: start <Request url=https://www.187bfeee594e.com/tupian/112565.html method=GET count=0>
2020-09-19 22:47:34 [test.Core] INFO: start <Request url=https://www.187bfeee594e.com/tupian/112564.html method=GET count=0>
2020-09-19 22:47:34 [test.Core] INFO: start <Request url=https://www.187bfeee594e.com/tupian/112563.html method=GET count=0>
2020-09-19 22:47:34 [test.Core] INFO: start <Request url=https://www.187bfeee594e.com/tupian/112443.html method=GET count=0>
2020-09-19 22:47:34 [test.Core] INFO: start <Request url=https://www.187bfeee594e.com/tupian/112442.html method=GET count=0>
2020-09-19 22:47:34 [test.Core] INFO: start <Request url=https://www.187bfeee594e.com/tupian/112441.html method=GET count=0>
2020-09-19 22:47:34 [test.Core] INFO: start <Request url=https://www.187bfeee594e.com/tupian/112440.html method=GET count=0>
2020-09-19 22:47:34 [test.Core] INFO: start <Request url=https://www.187bfeee594e.com/tupian/112439.html method=GET count=0>
2020-09-19 22:47:34 [test.Core] INFO: start <Request url=https://www.187bfeee594e.com/tupian/112310.html method=GET count=0>
2020-09-19 22:47:34 [test.Core] INFO: start <Request url=https://www.187bfeee594e.com/tupian/112309.html method=GET count=0>
2020-09-19 22:47:34 [test.Core] INFO: start <Request url=https://www.187bfeee594e.com/tupian/112308.html method=GET count=0>
2020-09-19 22:47:34 [test.Core] INFO: start <Request url=https://www.187bfeee594e.com/tupian/112307.html method=GET count=0>
2020-09-19 22:47:34 [test.Core] INFO: start <Request url=https://www.187bfeee594e.com/tupian/112306.html method=GET count=0>
2020-09-19 22:47:34 [test.Core] INFO: start <Request url=https://www.187bfeee594e.com/tupian/112118.html method=GET count=0>
2020-09-19 22:47:34 [test.Core] INFO: start <Request url=https://www.187bfeee594e.com/tupian/112117.html method=GET count=0>
2020-09-19 22:47:34 [test.Core] INFO: start <Request url=https://www.187bfeee594e.com/tupian/112116.html method=GET count=0>
2020-09-19 22:47:34 [test.Core] INFO: start <Request url=https://www.187bfeee594e.com/tupian/112115.html method=GET count=0>
2020-09-19 22:47:34 [test.Core] INFO: start <Request url=https://www.187bfeee594e.com/tupian/112114.html method=GET count=0>
2020-09-19 22:47:34 [test.Core] INFO: start <Request url=https://www.187bfeee594e.com/tupian/list-%E8%87%AA%E6%8B%8D%E5%81%B7%E6%8B%8D-2.html method=GET count=0>
2020-09-19 22:47:36 [test.Core] INFO: success <Request url=https://www.187bfeee594e.com/tupian/112104.html method=GET count=0>
2020-09-19 22:47:36 [test.Spider] INFO: name: Ria_enjoys_anal_in_her_debut, imgs:[<Element img at 0x1dfb4681f40>, <Element img at 0x1dfb4681e80>, <Element img at 0x1dfb4685b40>, <Element img at 0x1dfb4685b00>, <Element img at 0x1dfb4685b80>, <Element img at 0x1dfb4685c00>, <Element img at 0x1dfb4685c40>, <Element img at 0x1dfb4685c80>, <Element img at 0x1dfb4685cc0>, <Element img at 0x1dfb4685bc0>, <Element img at 0x1dfb4685d00>, <Element img at 0x1dfb4685d40>, <Element img at 0x1dfb4685d80>, <Element img at 0x1dfb4685dc0>, <Element img at 0x1dfb4685e00>, <Element img at 0x1dfb4685e40>, <Element img at 0x1dfb4685e80>, <Element img at 0x1dfb4685ec0>, <Element img at 0x1dfb4685f00>, <Element img at 0x1dfb4685f40>]
2020-09-19 22:47:36 [test.Core] INFO: success <Request url=https://www.187bfeee594e.com/tupian/112567.html method=GET count=0>
2020-09-19 22:47:36 [test.Spider] INFO: name:   极品大奶骚货, imgs:[<Element img at 0x1dfb3e4eec0>, <Element img at 0x1dfb3e4ef80>, <Element img at 0x1dfb3e4ee40>, <Element img at 0x1dfb3e4ef40>, <Element img at 0x1dfb3e4ee80>, <Element img at 0x1dfb3e4edc0>, <Element img at 0x1dfb3e4ed80>, <Element img at 0x1dfb3e4ee00>, <Element img at 0x1dfb3e4ed00>, <Element img at 0x1dfb3e4ef00>]
2020-09-19 22:47:36 [test.Core] INFO: success <Request url=https://www.187bfeee594e.com/tupian/111506.html method=GET count=0>
2020-09-19 22:47:36 [test.Spider] INFO: name: 游戏或动漫同人CG2977, imgs:[<Element img at 0x1dfb4686e80>, <Element img at 0x1dfb4687b40>, <Element img at 0x1dfb4687b80>, <Element img at 0x1dfb4687c00>, <Element img at 0x1dfb4687b00>, <Element img at 0x1dfb468a780>, <Element img at 0x1dfb468a800>, <Element img at 0x1dfb468a840>, <Element img at 0x1dfb468a880>, <Element img at 0x1dfb468a7c0>, <Element img at 0x1dfb468a8c0>, <Element img at 0x1dfb468a900>, <Element img at 0x1dfb468a940>, <Element img at 0x1dfb468a980>, <Element img at 0x1dfb468a9c0>, <Element img at 0x1dfb468aa00>, <Element img at 0x1dfb468aa40>, <Element img at 0x1dfb468aa80>, <Element img at 0x1dfb468aac0>, <Element img at 0x1dfb468ab00>]
